Archive member included because of file (symbol)

C:/Freescale/CW MCU v10.4/MCU/ARM_GCC_Support/ewl/lib/armv6-m\libc.a(exit.o)
                              ./Project_Settings/Startup_Code/__arm_start.o (exit)
C:/Freescale/CW MCU v10.4/MCU/ARM_GCC_Support/ewl/lib/armv6-m\libc.a(memset.o)
                              ./Project_Settings/Startup_Code/__arm_start.o (memset)
C:/Freescale/CW MCU v10.4/MCU/ARM_GCC_Support/ewl/lib/armv6-m\libc.a(printformat_.o)
                              (__pformatter_)
C:/Freescale/CW MCU v10.4/MCU/ARM_GCC_Support/ewl/lib/armv6-m\libc.a(scanformat_.o)
                              (__sformatter)
C:/Freescale/CW MCU v10.4/MCU/ARM_GCC_Support/ewl/lib/armv6-m\libc.a(ctype_aeabi.o)
                              C:/Freescale/CW MCU v10.4/MCU/ARM_GCC_Support/ewl/lib/armv6-m\libc.a(scanformat_.o) (isspace)
C:/Freescale/CW MCU v10.4/MCU/ARM_GCC_Support/ewl/lib/armv6-m\libc.a(__strtoul.o)
                              C:/Freescale/CW MCU v10.4/MCU/ARM_GCC_Support/ewl/lib/armv6-m\libc.a(scanformat_.o) (__strtoul)
C:/Freescale/CW MCU v10.4/MCU/ARM_GCC_Support/ewl/lib/armv6-m\libc.a(__filll_mem.o)
                              C:/Freescale/CW MCU v10.4/MCU/ARM_GCC_Support/ewl/lib/armv6-m\libc.a(memset.o) (__fill_mem)
C:/Freescale/CW MCU v10.4/MCU/ARM_GCC_Support/ewl/lib/armv6-m\libc.a(memchr.o)
                              C:/Freescale/CW MCU v10.4/MCU/ARM_GCC_Support/ewl/lib/armv6-m\libc.a(printformat_.o) (memchr)
C:/Freescale/CW MCU v10.4/MCU/ARM_GCC_Support/ewl/lib/armv6-m\libc.a(memcpy.o)
                              C:/Freescale/CW MCU v10.4/MCU/ARM_GCC_Support/ewl/lib/armv6-m\libc.a(scanformat_.o) (memcpy)
C:/Freescale/CW MCU v10.4/MCU/ARM_GCC_Support/ewl/lib/armv6-m\libc.a(strchr.o)
                              C:/Freescale/CW MCU v10.4/MCU/ARM_GCC_Support/ewl/lib/armv6-m\libc.a(printformat_.o) (strchr)
C:/Freescale/CW MCU v10.4/MCU/ARM_GCC_Support/ewl/lib/armv6-m\libc.a(strlen.o)
                              C:/Freescale/CW MCU v10.4/MCU/ARM_GCC_Support/ewl/lib/armv6-m\libc.a(printformat_.o) (strlen)
c:/freescale/cw mcu v10.4/cross_tools/arm-none-eabi-gcc-4_7_3/bin/../lib/gcc/arm-none-eabi/4.7.3/armv6-m\libgcc.a(_thumb1_case_sqi.o)
                              C:/Freescale/CW MCU v10.4/MCU/ARM_GCC_Support/ewl/lib/armv6-m\libc.a(__strtoul.o) (__gnu_thumb1_case_sqi)
c:/freescale/cw mcu v10.4/cross_tools/arm-none-eabi-gcc-4_7_3/bin/../lib/gcc/arm-none-eabi/4.7.3/armv6-m\libgcc.a(_thumb1_case_uqi.o)
                              C:/Freescale/CW MCU v10.4/MCU/ARM_GCC_Support/ewl/lib/armv6-m\libc.a(scanformat_.o) (__gnu_thumb1_case_uqi)
c:/freescale/cw mcu v10.4/cross_tools/arm-none-eabi-gcc-4_7_3/bin/../lib/gcc/arm-none-eabi/4.7.3/armv6-m\libgcc.a(_udivsi3.o)
                              C:/Freescale/CW MCU v10.4/MCU/ARM_GCC_Support/ewl/lib/armv6-m\libc.a(printformat_.o) (__aeabi_uidiv)
c:/freescale/cw mcu v10.4/cross_tools/arm-none-eabi-gcc-4_7_3/bin/../lib/gcc/arm-none-eabi/4.7.3/armv6-m\libgcc.a(_dvmd_tls.o)
                              c:/freescale/cw mcu v10.4/cross_tools/arm-none-eabi-gcc-4_7_3/bin/../lib/gcc/arm-none-eabi/4.7.3/armv6-m\libgcc.a(_udivsi3.o) (__aeabi_idiv0)
C:/Freescale/CW MCU v10.4/MCU/ARM_GCC_Support/ewl/lib/armv6-m\librt.a(gcc_ctor_dtor.o)
                              ./Project_Settings/Startup_Code/__arm_start.o (__init_cpp)
C:/Freescale/CW MCU v10.4/MCU/ARM_GCC_Support/ewl/lib/armv6-m\librt.a(ROMCopy.o)
                              ./Project_Settings/Startup_Code/__arm_start.o (__copy_rom_sections_to_ram)
C:/Freescale/CW MCU v10.4/MCU/ARM_GCC_Support/ewl/lib/armv6-m\librt.a(__arm_eabi_init.o)
                              C:/Freescale/CW MCU v10.4/MCU/ARM_GCC_Support/ewl/lib/armv6-m\libc.a(exit.o) (__destroy_global_chain)

Allocating common symbols
Common symbol       size              file

re_checksum         0x1               ./Sources/app/appChar.o
re_sbStatus         0x1               ./Sources/app/appChar.o
re_sensorStatus     0x1               ./Sources/app/appChar.o
re_selStatus        0x1               ./Sources/app/appChar.o
rs_charVal          0x1               ./Sources/app/appChar.o
re_ignStatus        0x1               ./Sources/app/appChar.o
rs_flagbitfield     0x1               ./Sources/main.o

Discarded input sections

 .text          0x00000000        0x0 ./Project_Settings/Startup_Code/kinetis_sysinit.o
 .data          0x00000000        0x0 ./Project_Settings/Startup_Code/kinetis_sysinit.o
 .bss           0x00000000        0x0 ./Project_Settings/Startup_Code/kinetis_sysinit.o
 .text          0x00000000        0x0 ./Project_Settings/Startup_Code/__arm_start.o
 .data          0x00000000        0x0 ./Project_Settings/Startup_Code/__arm_start.o
 .bss           0x00000000        0x0 ./Project_Settings/Startup_Code/__arm_start.o
 .text.__iar_program_start
                0x00000000        0x4 ./Project_Settings/Startup_Code/__arm_start.o
 .text          0x00000000        0x0 ./Project_Settings/Startup_Code/__arm_end.o
 .data          0x00000000        0x0 ./Project_Settings/Startup_Code/__arm_end.o
 .bss           0x00000000        0x0 ./Project_Settings/Startup_Code/__arm_end.o
 .text          0x00000000        0x0 ./Sources/app/appChar.o
 .data          0x00000000        0x0 ./Sources/app/appChar.o
 .bss           0x00000000        0x0 ./Sources/app/appChar.o
 .text          0x00000000        0x0 ./Sources/app/actuatorApp.o
 .data          0x00000000        0x0 ./Sources/app/actuatorApp.o
 .bss           0x00000000        0x0 ./Sources/app/actuatorApp.o
 .text          0x00000000        0x0 ./Sources/dcl/ledDrivers.o
 .data          0x00000000        0x0 ./Sources/dcl/ledDrivers.o
 .bss           0x00000000        0x0 ./Sources/dcl/ledDrivers.o
 .text          0x00000000        0x0 ./Sources/dcl/io_char.o
 .data          0x00000000        0x0 ./Sources/dcl/io_char.o
 .bss           0x00000000        0x0 ./Sources/dcl/io_char.o
 .text          0x00000000        0x0 ./Sources/dcl/charCtrlFnc.o
 .data          0x00000000        0x0 ./Sources/dcl/charCtrlFnc.o
 .bss           0x00000000        0x0 ./Sources/dcl/charCtrlFnc.o
 .text          0x00000000        0x0 ./Sources/mcl/uart0_init.o
 .data          0x00000000        0x0 ./Sources/mcl/uart0_init.o
 .bss           0x00000000        0x0 ./Sources/mcl/uart0_init.o
 .text          0x00000000        0x0 ./Sources/mcl/mcg_init.o
 .data          0x00000000        0x0 ./Sources/mcl/mcg_init.o
 .bss           0x00000000        0x0 ./Sources/mcl/mcg_init.o
 .text          0x00000000        0x0 ./Sources/mcl/IO_PinCfg.o
 .data          0x00000000        0x0 ./Sources/mcl/IO_PinCfg.o
 .bss           0x00000000        0x0 ./Sources/mcl/IO_PinCfg.o
 .text.IOPorts_Init
                0x00000000       0x7c ./Sources/mcl/IO_PinCfg.o
 .debug_info    0x00000000      0x3c9 ./Sources/mcl/IO_PinCfg.o
 .debug_abbrev  0x00000000       0xbc ./Sources/mcl/IO_PinCfg.o
 .debug_loc     0x00000000       0x2c ./Sources/mcl/IO_PinCfg.o
 .debug_aranges
                0x00000000       0x20 ./Sources/mcl/IO_PinCfg.o
 .debug_macinfo
                0x00000000    0x264b3 ./Sources/mcl/IO_PinCfg.o
 .debug_line    0x00000000      0x233 ./Sources/mcl/IO_PinCfg.o
 .debug_str     0x00000000      0x2cb ./Sources/mcl/IO_PinCfg.o
 .comment       0x00000000       0x7a ./Sources/mcl/IO_PinCfg.o
 .ARM.attributes
                0x00000000       0x31 ./Sources/mcl/IO_PinCfg.o
 .debug_frame   0x00000000       0x2c ./Sources/mcl/IO_PinCfg.o
 .text          0x00000000        0x0 ./Sources/sa_mtb.o
 .data          0x00000000        0x0 ./Sources/sa_mtb.o
 .bss           0x00000000        0x0 ./Sources/sa_mtb.o
 .debug_info    0x00000000       0x21 ./Sources/sa_mtb.o
 .debug_abbrev  0x00000000       0x12 ./Sources/sa_mtb.o
 .debug_aranges
                0x00000000       0x18 ./Sources/sa_mtb.o
 .debug_macinfo
                0x00000000     0x24d8 ./Sources/sa_mtb.o
 .debug_line    0x00000000       0xaa ./Sources/sa_mtb.o
 .debug_str     0x00000000       0xdb ./Sources/sa_mtb.o
 .comment       0x00000000       0x7a ./Sources/sa_mtb.o
 .ARM.attributes
                0x00000000       0x31 ./Sources/sa_mtb.o
 .text          0x00000000        0x0 ./Sources/main.o
 .data          0x00000000        0x0 ./Sources/main.o
 .bss           0x00000000        0x0 ./Sources/main.o
 .bss.rub_bitcounter
                0x00000000        0x1 ./Sources/main.o
 .bss.rub_checksum
                0x00000000        0x1 ./Sources/main.o
 COMMON         0x00000000        0x1 ./Sources/main.o
 .text          0x00000000        0x0 C:/Freescale/CW MCU v10.4/MCU/ARM_GCC_Support/ewl/lib/armv6-m\libc.a(exit.o)
 .data          0x00000000        0x0 C:/Freescale/CW MCU v10.4/MCU/ARM_GCC_Support/ewl/lib/armv6-m\libc.a(exit.o)
 .bss           0x00000000        0x0 C:/Freescale/CW MCU v10.4/MCU/ARM_GCC_Support/ewl/lib/armv6-m\libc.a(exit.o)
 .text          0x00000000        0x0 C:/Freescale/CW MCU v10.4/MCU/ARM_GCC_Support/ewl/lib/armv6-m\libc.a(memset.o)
 .data          0x00000000        0x0 C:/Freescale/CW MCU v10.4/MCU/ARM_GCC_Support/ewl/lib/armv6-m\libc.a(memset.o)
 .bss           0x00000000        0x0 C:/Freescale/CW MCU v10.4/MCU/ARM_GCC_Support/ewl/lib/armv6-m\libc.a(memset.o)
 .text          0x00000000        0x0 C:/Freescale/CW MCU v10.4/MCU/ARM_GCC_Support/ewl/lib/armv6-m\libc.a(printformat_.o)
 .data          0x00000000        0x0 C:/Freescale/CW MCU v10.4/MCU/ARM_GCC_Support/ewl/lib/armv6-m\libc.a(printformat_.o)
 .bss           0x00000000        0x0 C:/Freescale/CW MCU v10.4/MCU/ARM_GCC_Support/ewl/lib/armv6-m\libc.a(printformat_.o)
 .text          0x00000000        0x0 C:/Freescale/CW MCU v10.4/MCU/ARM_GCC_Support/ewl/lib/armv6-m\libc.a(scanformat_.o)
 .data          0x00000000        0x0 C:/Freescale/CW MCU v10.4/MCU/ARM_GCC_Support/ewl/lib/armv6-m\libc.a(scanformat_.o)
 .bss           0x00000000        0x0 C:/Freescale/CW MCU v10.4/MCU/ARM_GCC_Support/ewl/lib/armv6-m\libc.a(scanformat_.o)
 .text          0x00000000        0x0 C:/Freescale/CW MCU v10.4/MCU/ARM_GCC_Support/ewl/lib/armv6-m\libc.a(ctype_aeabi.o)
 .data          0x00000000        0x0 C:/Freescale/CW MCU v10.4/MCU/ARM_GCC_Support/ewl/lib/armv6-m\libc.a(ctype_aeabi.o)
 .bss           0x00000000        0x0 C:/Freescale/CW MCU v10.4/MCU/ARM_GCC_Support/ewl/lib/armv6-m\libc.a(ctype_aeabi.o)
 .text.isalnum  0x00000000       0x1c C:/Freescale/CW MCU v10.4/MCU/ARM_GCC_Support/ewl/lib/armv6-m\libc.a(ctype_aeabi.o)
 .text.iscntrl  0x00000000       0x20 C:/Freescale/CW MCU v10.4/MCU/ARM_GCC_Support/ewl/lib/armv6-m\libc.a(ctype_aeabi.o)
 .text.isdigit  0x00000000        0xe C:/Freescale/CW MCU v10.4/MCU/ARM_GCC_Support/ewl/lib/armv6-m\libc.a(ctype_aeabi.o)
 .text.isgraph  0x00000000       0x1c C:/Freescale/CW MCU v10.4/MCU/ARM_GCC_Support/ewl/lib/armv6-m\libc.a(ctype_aeabi.o)
 .text.islower  0x00000000       0x20 C:/Freescale/CW MCU v10.4/MCU/ARM_GCC_Support/ewl/lib/armv6-m\libc.a(ctype_aeabi.o)
 .text.isprint  0x00000000       0x1c C:/Freescale/CW MCU v10.4/MCU/ARM_GCC_Support/ewl/lib/armv6-m\libc.a(ctype_aeabi.o)
 .text.ispunct  0x00000000       0x20 C:/Freescale/CW MCU v10.4/MCU/ARM_GCC_Support/ewl/lib/armv6-m\libc.a(ctype_aeabi.o)
 .text.isupper  0x00000000       0x20 C:/Freescale/CW MCU v10.4/MCU/ARM_GCC_Support/ewl/lib/armv6-m\libc.a(ctype_aeabi.o)
 .text.isxdigit
                0x00000000       0x20 C:/Freescale/CW MCU v10.4/MCU/ARM_GCC_Support/ewl/lib/armv6-m\libc.a(ctype_aeabi.o)
 .text.isblank  0x00000000       0x28 C:/Freescale/CW MCU v10.4/MCU/ARM_GCC_Support/ewl/lib/armv6-m\libc.a(ctype_aeabi.o)
 .text.tolower  0x00000000        0xe C:/Freescale/CW MCU v10.4/MCU/ARM_GCC_Support/ewl/lib/armv6-m\libc.a(ctype_aeabi.o)
 .text          0x00000000        0x0 C:/Freescale/CW MCU v10.4/MCU/ARM_GCC_Support/ewl/lib/armv6-m\libc.a(__strtoul.o)
 .data          0x00000000        0x0 C:/Freescale/CW MCU v10.4/MCU/ARM_GCC_Support/ewl/lib/armv6-m\libc.a(__strtoul.o)
 .bss           0x00000000        0x0 C:/Freescale/CW MCU v10.4/MCU/ARM_GCC_Support/ewl/lib/armv6-m\libc.a(__strtoul.o)
 .text          0x00000000        0x0 C:/Freescale/CW MCU v10.4/MCU/ARM_GCC_Support/ewl/lib/armv6-m\libc.a(__filll_mem.o)
 .data          0x00000000        0x0 C:/Freescale/CW MCU v10.4/MCU/ARM_GCC_Support/ewl/lib/armv6-m\libc.a(__filll_mem.o)
 .bss           0x00000000        0x0 C:/Freescale/CW MCU v10.4/MCU/ARM_GCC_Support/ewl/lib/armv6-m\libc.a(__filll_mem.o)
 .text          0x00000000        0x0 C:/Freescale/CW MCU v10.4/MCU/ARM_GCC_Support/ewl/lib/armv6-m\libc.a(memchr.o)
 .data          0x00000000        0x0 C:/Freescale/CW MCU v10.4/MCU/ARM_GCC_Support/ewl/lib/armv6-m\libc.a(memchr.o)
 .bss           0x00000000        0x0 C:/Freescale/CW MCU v10.4/MCU/ARM_GCC_Support/ewl/lib/armv6-m\libc.a(memchr.o)
 .text          0x00000000        0x0 C:/Freescale/CW MCU v10.4/MCU/ARM_GCC_Support/ewl/lib/armv6-m\libc.a(memcpy.o)
 .data          0x00000000        0x0 C:/Freescale/CW MCU v10.4/MCU/ARM_GCC_Support/ewl/lib/armv6-m\libc.a(memcpy.o)
 .bss           0x00000000        0x0 C:/Freescale/CW MCU v10.4/MCU/ARM_GCC_Support/ewl/lib/armv6-m\libc.a(memcpy.o)
 .text          0x00000000        0x0 C:/Freescale/CW MCU v10.4/MCU/ARM_GCC_Support/ewl/lib/armv6-m\libc.a(strchr.o)
 .data          0x00000000        0x0 C:/Freescale/CW MCU v10.4/MCU/ARM_GCC_Support/ewl/lib/armv6-m\libc.a(strchr.o)
 .bss           0x00000000        0x0 C:/Freescale/CW MCU v10.4/MCU/ARM_GCC_Support/ewl/lib/armv6-m\libc.a(strchr.o)
 .text          0x00000000        0x0 C:/Freescale/CW MCU v10.4/MCU/ARM_GCC_Support/ewl/lib/armv6-m\libc.a(strlen.o)
 .data          0x00000000        0x0 C:/Freescale/CW MCU v10.4/MCU/ARM_GCC_Support/ewl/lib/armv6-m\libc.a(strlen.o)
 .bss           0x00000000        0x0 C:/Freescale/CW MCU v10.4/MCU/ARM_GCC_Support/ewl/lib/armv6-m\libc.a(strlen.o)
 .data          0x00000000        0x0 c:/freescale/cw mcu v10.4/cross_tools/arm-none-eabi-gcc-4_7_3/bin/../lib/gcc/arm-none-eabi/4.7.3/armv6-m\libgcc.a(_thumb1_case_sqi.o)
 .bss           0x00000000        0x0 c:/freescale/cw mcu v10.4/cross_tools/arm-none-eabi-gcc-4_7_3/bin/../lib/gcc/arm-none-eabi/4.7.3/armv6-m\libgcc.a(_thumb1_case_sqi.o)
 .data          0x00000000        0x0 c:/freescale/cw mcu v10.4/cross_tools/arm-none-eabi-gcc-4_7_3/bin/../lib/gcc/arm-none-eabi/4.7.3/armv6-m\libgcc.a(_thumb1_case_uqi.o)
 .bss           0x00000000        0x0 c:/freescale/cw mcu v10.4/cross_tools/arm-none-eabi-gcc-4_7_3/bin/../lib/gcc/arm-none-eabi/4.7.3/armv6-m\libgcc.a(_thumb1_case_uqi.o)
 .data          0x00000000        0x0 c:/freescale/cw mcu v10.4/cross_tools/arm-none-eabi-gcc-4_7_3/bin/../lib/gcc/arm-none-eabi/4.7.3/armv6-m\libgcc.a(_udivsi3.o)
 .bss           0x00000000        0x0 c:/freescale/cw mcu v10.4/cross_tools/arm-none-eabi-gcc-4_7_3/bin/../lib/gcc/arm-none-eabi/4.7.3/armv6-m\libgcc.a(_udivsi3.o)
 .data          0x00000000        0x0 c:/freescale/cw mcu v10.4/cross_tools/arm-none-eabi-gcc-4_7_3/bin/../lib/gcc/arm-none-eabi/4.7.3/armv6-m\libgcc.a(_dvmd_tls.o)
 .bss           0x00000000        0x0 c:/freescale/cw mcu v10.4/cross_tools/arm-none-eabi-gcc-4_7_3/bin/../lib/gcc/arm-none-eabi/4.7.3/armv6-m\libgcc.a(_dvmd_tls.o)
 .text          0x00000000        0x0 C:/Freescale/CW MCU v10.4/MCU/ARM_GCC_Support/ewl/lib/armv6-m\librt.a(gcc_ctor_dtor.o)
 .data          0x00000000        0x0 C:/Freescale/CW MCU v10.4/MCU/ARM_GCC_Support/ewl/lib/armv6-m\librt.a(gcc_ctor_dtor.o)
 .bss           0x00000000        0x0 C:/Freescale/CW MCU v10.4/MCU/ARM_GCC_Support/ewl/lib/armv6-m\librt.a(gcc_ctor_dtor.o)
 .bss.__dso_handle
                0x00000000        0x4 C:/Freescale/CW MCU v10.4/MCU/ARM_GCC_Support/ewl/lib/armv6-m\librt.a(gcc_ctor_dtor.o)
 .text          0x00000000        0x0 C:/Freescale/CW MCU v10.4/MCU/ARM_GCC_Support/ewl/lib/armv6-m\librt.a(ROMCopy.o)
 .data          0x00000000        0x0 C:/Freescale/CW MCU v10.4/MCU/ARM_GCC_Support/ewl/lib/armv6-m\librt.a(ROMCopy.o)
 .bss           0x00000000        0x0 C:/Freescale/CW MCU v10.4/MCU/ARM_GCC_Support/ewl/lib/armv6-m\librt.a(ROMCopy.o)
 .text.__flush_cache
                0x00000000        0x2 C:/Freescale/CW MCU v10.4/MCU/ARM_GCC_Support/ewl/lib/armv6-m\librt.a(ROMCopy.o)
 .text          0x00000000        0x0 C:/Freescale/CW MCU v10.4/MCU/ARM_GCC_Support/ewl/lib/armv6-m\librt.a(__arm_eabi_init.o)
 .data          0x00000000        0x0 C:/Freescale/CW MCU v10.4/MCU/ARM_GCC_Support/ewl/lib/armv6-m\librt.a(__arm_eabi_init.o)
 .bss           0x00000000        0x0 C:/Freescale/CW MCU v10.4/MCU/ARM_GCC_Support/ewl/lib/armv6-m\librt.a(__arm_eabi_init.o)
 .text.__register_global_object
                0x00000000       0x14 C:/Freescale/CW MCU v10.4/MCU/ARM_GCC_Support/ewl/lib/armv6-m\librt.a(__arm_eabi_init.o)
 .text.__cxa_atexit
                0x00000000       0x38 C:/Freescale/CW MCU v10.4/MCU/ARM_GCC_Support/ewl/lib/armv6-m\librt.a(__arm_eabi_init.o)
 .text.__aeabi_atexit
                0x00000000        0xe C:/Freescale/CW MCU v10.4/MCU/ARM_GCC_Support/ewl/lib/armv6-m\librt.a(__arm_eabi_init.o)
 .text.__register_atexit
                0x00000000        0xc C:/Freescale/CW MCU v10.4/MCU/ARM_GCC_Support/ewl/lib/armv6-m\librt.a(__arm_eabi_init.o)
 .text.__init_hardware
                0x00000000        0x4 C:/Freescale/CW MCU v10.4/MCU/ARM_GCC_Support/ewl/lib/armv6-m\librt.a(__arm_eabi_init.o)
 .bss.atexit_curr_func
                0x00000000        0x4 C:/Freescale/CW MCU v10.4/MCU/ARM_GCC_Support/ewl/lib/armv6-m\librt.a(__arm_eabi_init.o)
 .bss.atexit_funcs
                0x00000000      0x300 C:/Freescale/CW MCU v10.4/MCU/ARM_GCC_Support/ewl/lib/armv6-m\librt.a(__arm_eabi_init.o)

Memory Configuration

Name             Origin             Length             Attributes
m_interrupts     0x00000000         0x000000c0         xr
m_cfmprotrom     0x00000400         0x00000010         xr
m_text           0x00000800         0x0001f800         xr
m_data           0x1ffff000         0x00004000         xrw
*default*        0x00000000         0xffffffff

Linker script and memory map

LOAD ./Project_Settings/Startup_Code/kinetis_sysinit.o
LOAD ./Project_Settings/Startup_Code/__arm_start.o
LOAD ./Project_Settings/Startup_Code/__arm_end.o
LOAD ./Sources/app/appChar.o
LOAD ./Sources/app/actuatorApp.o
LOAD ./Sources/dcl/ledDrivers.o
LOAD ./Sources/dcl/io_char.o
LOAD ./Sources/dcl/charCtrlFnc.o
LOAD ./Sources/mcl/uart0_init.o
LOAD ./Sources/mcl/mcg_init.o
LOAD ./Sources/mcl/IO_PinCfg.o
LOAD ./Sources/sa_mtb.o
LOAD ./Sources/main.o
                0x000017b4                __pformatter = __pformatter_
                [0x00001bdc]                __sformatter = __sformatter
START GROUP
LOAD C:/Freescale/CW MCU v10.4/MCU/ARM_GCC_Support/ewl/lib/armv6-m\libc.a
LOAD C:/Freescale/CW MCU v10.4/MCU/ARM_GCC_Support/ewl/lib/armv6-m\libm.a
LOAD c:/freescale/cw mcu v10.4/cross_tools/arm-none-eabi-gcc-4_7_3/bin/../lib/gcc/arm-none-eabi/4.7.3/armv6-m\libgcc.a
LOAD C:/Freescale/CW MCU v10.4/MCU/ARM_GCC_Support/ewl/lib/armv6-m\librt.a
LOAD C:/Freescale/CW MCU v10.4/MCU/ARM_GCC_Support/ewl/lib/armv6-m\libuart.a
END GROUP
                0x20003000                _estack = 0x20003000
                0x20003000                __SP_INIT = _estack
                0x00000400                __heap_size = 0x400
                0x00000400                __stack_size = 0x400

.interrupts     0x00000000       0xc0
                0x00000000                __vector_table = .
                0x00000000                . = ALIGN (0x4)
 *(.vectortable)
 .vectortable   0x00000000       0xc0 ./Project_Settings/Startup_Code/kinetis_sysinit.o
                0x00000000                InterruptVector
                0x000000c0                . = ALIGN (0x4)

.cfmprotect     0x00000400        0x0
                0x00000400                . = ALIGN (0x4)
 *(.cfmconfig)
                0x00000400                . = ALIGN (0x4)

.text           0x00000800     0x20ec
                0x00000800                . = ALIGN (0x4)
 *(.text)
 .text          0x00000800       0x14 c:/freescale/cw mcu v10.4/cross_tools/arm-none-eabi-gcc-4_7_3/bin/../lib/gcc/arm-none-eabi/4.7.3/armv6-m\libgcc.a(_thumb1_case_sqi.o)
                0x00000800                __gnu_thumb1_case_sqi
 .text          0x00000814       0x14 c:/freescale/cw mcu v10.4/cross_tools/arm-none-eabi-gcc-4_7_3/bin/../lib/gcc/arm-none-eabi/4.7.3/armv6-m\libgcc.a(_thumb1_case_uqi.o)
                0x00000814                __gnu_thumb1_case_uqi
 .text          0x00000828       0x9c c:/freescale/cw mcu v10.4/cross_tools/arm-none-eabi-gcc-4_7_3/bin/../lib/gcc/arm-none-eabi/4.7.3/armv6-m\libgcc.a(_udivsi3.o)
                0x00000828                __aeabi_uidiv
                0x00000828                __udivsi3
                0x000008b0                __aeabi_uidivmod
 .text          0x000008c4        0x4 c:/freescale/cw mcu v10.4/cross_tools/arm-none-eabi-gcc-4_7_3/bin/../lib/gcc/arm-none-eabi/4.7.3/armv6-m\libgcc.a(_dvmd_tls.o)
                0x000008c4                __aeabi_idiv0
                0x000008c4                __aeabi_ldiv0
 *(.text*)
 .text.Default_Handler
                0x000008c8        0xc ./Project_Settings/Startup_Code/kinetis_sysinit.o
                0x000008c8                RTC_Alarm_IRQHandler
                0x000008c8                I2C0_IRQHandler
                0x000008c8                HardFault_Handler
                0x000008c8                SysTick_Handler
                0x000008c8                PendSV_Handler
                0x000008c8                NMI_Handler
                0x000008c8                I2C1_IRQHandler
                0x000008c8                UART1_IRQHandler
                0x000008c8                DMA2_IRQHandler
                0x000008c8                TSI0_IRQHandler
                0x000008c8                UART0_IRQHandler
                0x000008c8                ADC0_IRQHandler
                0x000008c8                SPI1_IRQHandler
                0x000008c8                PORTD_IRQHandler
                0x000008c8                LPTimer_IRQHandler
                0x000008c8                FTM1_IRQHandler
                0x000008c8                RTC_Seconds_IRQHandler
                0x000008c8                MCG_IRQHandler
                0x000008c8                UART2_IRQHandler
                0x000008c8                Default_Handler
                0x000008c8                LLW_IRQHandler
                0x000008c8                PIT_IRQHandler
                0x000008c8                SVC_Handler
                0x000008c8                USBOTG_IRQHandler
                0x000008c8                DMA3_IRQHandler
                0x000008c8                DMA0_IRQHandler
                0x000008c8                DAC0_IRQHandler
                0x000008c8                PMC_IRQHandler
                0x000008c8                SPI0_IRQHandler
                0x000008c8                FTM0_IRQHandler
                0x000008c8                PORTA_IRQHandler
                0x000008c8                MCM_IRQHandler
                0x000008c8                FTFL_IRQHandler
                0x000008c8                FTM2_IRQHandler
                0x000008c8                CMP0_IRQHandler
                0x000008c8                DMA1_IRQHandler
 .text.__init_hardware
                0x000008d4       0x2c ./Project_Settings/Startup_Code/kinetis_sysinit.o
                0x000008d4                __init_hardware
 .text.zero_fill_bss
                0x00000900       0x24 ./Project_Settings/Startup_Code/__arm_start.o
 .text.__thumb_startup
                0x00000924       0x30 ./Project_Settings/Startup_Code/__arm_start.o
                0x00000924                __thumb_startup
 .text._ExitProcess
                0x00000954        0xc ./Project_Settings/Startup_Code/__arm_end.o
                0x00000954                _ExitProcess
 .text.str_ctrl
                0x00000960       0x80 ./Sources/app/appChar.o
                0x00000960                str_ctrl
 .text.print_str
                0x000009e0       0xf8 ./Sources/app/appChar.o
                0x000009e0                print_str
 .text.actionSelector
                0x00000ad8      0x110 ./Sources/app/actuatorApp.o
                0x00000ad8                actionSelector
 .text.ParkLamps_ON
                0x00000be8       0x18 ./Sources/dcl/ledDrivers.o
                0x00000be8                ParkLamps_ON
 .text.ParkLamps_OFF
                0x00000c00       0x14 ./Sources/dcl/ledDrivers.o
                0x00000c00                ParkLamps_OFF
 .text.HeadLamps_ON
                0x00000c14       0x18 ./Sources/dcl/ledDrivers.o
                0x00000c14                HeadLamps_ON
 .text.HeadLamps_OFF
                0x00000c2c       0x14 ./Sources/dcl/ledDrivers.o
                0x00000c2c                HeadLamps_OFF
 .text.LightsOff
                0x00000c40       0x10 ./Sources/dcl/ledDrivers.o
                0x00000c40                LightsOff
 .text.HalfLight
                0x00000c50       0x10 ./Sources/dcl/ledDrivers.o
                0x00000c50                HalfLight
 .text.LightsOn
                0x00000c60       0x10 ./Sources/dcl/ledDrivers.o
                0x00000c60                LightsOn
 .text.uart0_getchar
                0x00000c70       0x28 ./Sources/dcl/io_char.o
                0x00000c70                uart0_getchar
 .text.uart0_putchar
                0x00000c98       0x34 ./Sources/dcl/io_char.o
                0x00000c98                uart0_putchar
 .text.put      0x00000ccc       0x2c ./Sources/dcl/io_char.o
                0x00000ccc                put
 .text.char_comp
                0x00000cf8      0x134 ./Sources/dcl/charCtrlFnc.o
                0x00000cf8                char_comp
 .text.ignition
                0x00000e2c       0x84 ./Sources/dcl/charCtrlFnc.o
                0x00000e2c                ignition
 .text.selector
                0x00000eb0      0x1ac ./Sources/dcl/charCtrlFnc.o
                0x00000eb0                selector
 .text.lightSensor
                0x0000105c      0x1a0 ./Sources/dcl/charCtrlFnc.o
                0x0000105c                lightSensor
 .text.stopBit  0x000011fc       0x2c ./Sources/dcl/charCtrlFnc.o
                0x000011fc                stopBit
 .text.checksum
                0x00001228       0xa0 ./Sources/dcl/charCtrlFnc.o
                0x00001228                checksum
 .text.actuator
                0x000012c8       0x54 ./Sources/dcl/charCtrlFnc.o
                0x000012c8                actuator
 .text.uart0_init
                0x0000131c       0xd4 ./Sources/mcl/uart0_init.o
                0x0000131c                uart0_init
 .text.mcg_init
                0x000013f0      0x1b0 ./Sources/mcl/mcg_init.o
                0x000013f0                mcg_init
 .text.main     0x000015a0       0x34 ./Sources/main.o
                0x000015a0                main
 .text.exit     0x000015d4       0x38 C:/Freescale/CW MCU v10.4/MCU/ARM_GCC_Support/ewl/lib/armv6-m\libc.a(exit.o)
                0x000015d4                exit
 .text.memset   0x0000160c        0xc C:/Freescale/CW MCU v10.4/MCU/ARM_GCC_Support/ewl/lib/armv6-m\libc.a(memset.o)
                0x0000160c                memset
 .text.long2str.isra.0
                0x00001618      0x19c C:/Freescale/CW MCU v10.4/MCU/ARM_GCC_Support/ewl/lib/armv6-m\libc.a(printformat_.o)
 .text.__pformatter_
                0x000017b4      0x428 C:/Freescale/CW MCU v10.4/MCU/ARM_GCC_Support/ewl/lib/armv6-m\libc.a(printformat_.o)
                0x000017b4                __pformatter_
 .text.__sformatter
                0x00001bdc      0x698 C:/Freescale/CW MCU v10.4/MCU/ARM_GCC_Support/ewl/lib/armv6-m\libc.a(scanformat_.o)
                0x00001bdc                __sformatter
 .text.isalpha  0x00002274       0x20 C:/Freescale/CW MCU v10.4/MCU/ARM_GCC_Support/ewl/lib/armv6-m\libc.a(ctype_aeabi.o)
                0x00002274                isalpha
 .text.isspace  0x00002294       0x20 C:/Freescale/CW MCU v10.4/MCU/ARM_GCC_Support/ewl/lib/armv6-m\libc.a(ctype_aeabi.o)
                0x00002294                isspace
 .text.toupper  0x000022b4        0xe C:/Freescale/CW MCU v10.4/MCU/ARM_GCC_Support/ewl/lib/armv6-m\libc.a(ctype_aeabi.o)
                0x000022b4                toupper
 .text.__strtoul
                0x000022c2      0x1ce C:/Freescale/CW MCU v10.4/MCU/ARM_GCC_Support/ewl/lib/armv6-m\libc.a(__strtoul.o)
                0x000022c2                __strtoul
 .text.__fill_mem
                0x00002490       0x7e C:/Freescale/CW MCU v10.4/MCU/ARM_GCC_Support/ewl/lib/armv6-m\libc.a(__filll_mem.o)
                0x00002490                __fill_mem
 .text.memchr   0x0000250e       0x1a C:/Freescale/CW MCU v10.4/MCU/ARM_GCC_Support/ewl/lib/armv6-m\libc.a(memchr.o)
                0x0000250e                memchr
 .text.memcpy   0x00002528       0x12 C:/Freescale/CW MCU v10.4/MCU/ARM_GCC_Support/ewl/lib/armv6-m\libc.a(memcpy.o)
                0x00002528                memcpy
 .text.strchr   0x0000253a       0x1e C:/Freescale/CW MCU v10.4/MCU/ARM_GCC_Support/ewl/lib/armv6-m\libc.a(strchr.o)
                0x0000253a                strchr
 .text.strlen   0x00002558       0x10 C:/Freescale/CW MCU v10.4/MCU/ARM_GCC_Support/ewl/lib/armv6-m\libc.a(strlen.o)
                0x00002558                strlen
 .text.__init_cpp
                0x00002568       0x48 C:/Freescale/CW MCU v10.4/MCU/ARM_GCC_Support/ewl/lib/armv6-m\librt.a(gcc_ctor_dtor.o)
                0x00002568                __init_cpp
 .text.__fini_cpp
                0x000025b0       0x34 C:/Freescale/CW MCU v10.4/MCU/ARM_GCC_Support/ewl/lib/armv6-m\librt.a(gcc_ctor_dtor.o)
                0x000025b0                __fini_cpp
 .text.__copy_rom_section
                0x000025e4       0x48 C:/Freescale/CW MCU v10.4/MCU/ARM_GCC_Support/ewl/lib/armv6-m\librt.a(ROMCopy.o)
                0x000025e4                __copy_rom_section
 .text.__copy_rom_sections_to_ram
                0x0000262c       0x34 C:/Freescale/CW MCU v10.4/MCU/ARM_GCC_Support/ewl/lib/armv6-m\librt.a(ROMCopy.o)
                0x0000262c                __copy_rom_sections_to_ram
 .text.__destroy_global_chain
                0x00002660       0x1c C:/Freescale/CW MCU v10.4/MCU/ARM_GCC_Support/ewl/lib/armv6-m\librt.a(__arm_eabi_init.o)
                0x00002660                __destroy_global_chain
 .text.__init_registers
                0x0000267c       0x1c C:/Freescale/CW MCU v10.4/MCU/ARM_GCC_Support/ewl/lib/armv6-m\librt.a(__arm_eabi_init.o)
                0x0000267c                __init_registers
 .text.__init_user
                0x00002698        0x4 C:/Freescale/CW MCU v10.4/MCU/ARM_GCC_Support/ewl/lib/armv6-m\librt.a(__arm_eabi_init.o)
                0x00002698                __init_user
 *(.rodata)
 .rodata        0x0000269c       0x38 ./Sources/app/appChar.o
 .rodata        0x000026d4       0x78 ./Sources/app/actuatorApp.o
 .rodata        0x0000274c       0x74 ./Sources/main.o
 *(.rodata*)
 .rodata.char_comp
                0x000027c0       0x20 ./Sources/dcl/charCtrlFnc.o
 .rodata.str1.1
                0x000027e0        0x1 C:/Freescale/CW MCU v10.4/MCU/ARM_GCC_Support/ewl/lib/armv6-m\libc.a(printformat_.o)
 .rodata.CSWTCH.20
                0x000027e1        0x5 C:/Freescale/CW MCU v10.4/MCU/ARM_GCC_Support/ewl/lib/armv6-m\libc.a(printformat_.o)
 .rodata.CSWTCH.21
                0x000027e6        0x5 C:/Freescale/CW MCU v10.4/MCU/ARM_GCC_Support/ewl/lib/armv6-m\libc.a(printformat_.o)
 .rodata.__aeabi_ctype_table_C
                0x000027eb      0x101 C:/Freescale/CW MCU v10.4/MCU/ARM_GCC_Support/ewl/lib/armv6-m\libc.a(ctype_aeabi.o)
                0x000027eb                __aeabi_ctype_table_C
 *(.glue_7)
 .glue_7        0x00000000        0x0 linker stubs
 *(.glue_7t)
 .glue_7t       0x00000000        0x0 linker stubs
 *(.eh_frame)
 *(.init)
 *(.fini)
                0x000028ec                . = ALIGN (0x4)
                0x000028ec                _etext = .

.vfp11_veneer   0x000028ec        0x0
 .vfp11_veneer  0x00000000        0x0 linker stubs

.v4_bx          0x000028ec        0x0
 .v4_bx         0x00000000        0x0 linker stubs

.iplt           0x000028ec        0x0
 .iplt          0x00000000        0x0 ./Project_Settings/Startup_Code/kinetis_sysinit.o

.rel.dyn        0x000028ec        0x0
 .rel.iplt      0x00000000        0x0 ./Project_Settings/Startup_Code/kinetis_sysinit.o

.ARM.extab
 *(.ARM.extab* .gnu.linkonce.armextab.*)

.ARM            0x000028ec        0x0
                0x000028ec                __exidx_start = .
 *(.ARM.exidx*)
                0x000028ec                __exidx_end = .

.ctors          0x000028ec        0x0
                0x000028ec                __CTOR_LIST__ = .
 *crtbegin.o(.ctors)
 *(EXCLUDE_FILE(*crtend.o) .ctors)
 *(SORT(.ctors.*))
 *(.ctors)
                0x000028ec                __CTOR_END__ = .

.dtors          0x000028ec        0x0
                0x000028ec                __DTOR_LIST__ = .
 *crtbegin.o(.dtors)
 *(EXCLUDE_FILE(*crtend.o) .dtors)
 *(SORT(.dtors.*))
 *(.dtors)
                0x000028ec                __DTOR_END__ = .

.preinit_array  0x000028ec        0x0
                0x000028ec                PROVIDE (__preinit_array_start, .)
 *(.preinit_array*)
                0x000028ec                PROVIDE (__preinit_array_end, .)

.init_array     0x000028ec        0x0
                0x000028ec                PROVIDE (__init_array_start, .)
 *(SORT(.init_array.*))
 *(.init_array*)
                0x000028ec                PROVIDE (__init_array_end, .)

.fini_array     0x000028ec        0x0
                0x000028ec                PROVIDE (__fini_array_start, .)
 *(SORT(.fini_array.*))
 *(.fini_array*)
                0x000028ec                PROVIDE (__fini_array_end, .)
                0x000028ec                ___ROM_AT = .

.mtb            0x1ffff000        0x0
                0x1ffff000                . = ALIGN (0x8)
                0x1ffff000                _mtb_start = .
 *(.mtb_buf)
                0x1ffff000                . = ALIGN (0x8)
                0x1ffff000                _mtb_end = .

.data           0x1ffff000        0x0 load address 0x000028ec
                0x1ffff000                . = ALIGN (0x4)
                0x1ffff000                _sdata = .
 *(.data)
 *(.data*)
                0x1ffff000                . = ALIGN (0x4)
                0x1ffff000                _edata = .
                0x00000000                ___data_size = (_edata - _sdata)

.igot.plt       0x1ffff000        0x0
 .igot.plt      0x00000000        0x0 ./Project_Settings/Startup_Code/kinetis_sysinit.o
                0x1ffff000                . = ALIGN (0x4)

.bss            0x1ffff000       0x24
                0x1ffff000                __START_BSS = .
                0x1ffff000                PROVIDE (__bss_start__, __START_BSS)
 *(.bss)
 *(.bss*)
 .bss.argv      0x1ffff000        0x4 ./Project_Settings/Startup_Code/__arm_start.o
 .bss.__stdio_exit
                0x1ffff004        0x4 C:/Freescale/CW MCU v10.4/MCU/ARM_GCC_Support/ewl/lib/armv6-m\libc.a(exit.o)
                0x1ffff004                __stdio_exit
 .bss.__console_exit
                0x1ffff008        0x4 C:/Freescale/CW MCU v10.4/MCU/ARM_GCC_Support/ewl/lib/armv6-m\libc.a(exit.o)
                0x1ffff008                __console_exit
 .bss.__S_romp  0x1ffff00c        0xc C:/Freescale/CW MCU v10.4/MCU/ARM_GCC_Support/ewl/lib/armv6-m\librt.a(ROMCopy.o)
 .bss.__global_destructor_chain
                0x1ffff018        0x4 C:/Freescale/CW MCU v10.4/MCU/ARM_GCC_Support/ewl/lib/armv6-m\librt.a(__arm_eabi_init.o)
                0x1ffff018                __global_destructor_chain
 *(COMMON)
 COMMON         0x1ffff01c        0x6 ./Sources/app/appChar.o
                0x1ffff01c                re_checksum
                0x1ffff01d                re_sbStatus
                0x1ffff01e                re_sensorStatus
                0x1ffff01f                re_selStatus
                0x1ffff020                rs_charVal
                0x1ffff021                re_ignStatus
                0x1ffff024                . = ALIGN (0x4)
 *fill*         0x1ffff022        0x2 00
                0x1ffff024                __END_BSS = .
                0x1ffff024                PROVIDE (__bss_end__, __END_BSS)
                0x000028ec                _romp_at = (___ROM_AT + SIZEOF (.data))

.romp           0x1ffff024       0x18 load address 0x000028ec
                0x000028ec                __S_romp = _romp_at
                0x1ffff024        0x4 LONG 0x28ec ___ROM_AT
                0x1ffff028        0x4 LONG 0x1ffff000 _sdata
                0x1ffff02c        0x4 LONG 0x0 ___data_size
                0x1ffff030        0x4 LONG 0x0
                0x1ffff034        0x4 LONG 0x0
                0x1ffff038        0x4 LONG 0x0

._user_heap_stack
                0x1ffff03c      0x800 load address 0x00002904
                0x1ffff03c                . = ALIGN (0x4)
                0x1ffff03c                PROVIDE (end, .)
                0x1ffff03c                PROVIDE (_end, .)
                0x1ffff03c                __heap_addr = .
                0x1ffff43c                . = (. + __heap_size)
 *fill*         0x1ffff03c      0x400 00
                0x1ffff83c                . = (. + __stack_size)
 *fill*         0x1ffff43c      0x400 00
                0x1ffff83c                . = ALIGN (0x4)

.ARM.attributes
                0x00000000       0x31
 *(.ARM.attributes)
 .ARM.attributes
                0x00000000       0x31 ./Project_Settings/Startup_Code/kinetis_sysinit.o
 .ARM.attributes
                0x00000031       0x31 ./Project_Settings/Startup_Code/__arm_start.o
 .ARM.attributes
                0x00000062       0x31 ./Project_Settings/Startup_Code/__arm_end.o
 .ARM.attributes
                0x00000093       0x31 ./Sources/app/appChar.o
 .ARM.attributes
                0x000000c4       0x31 ./Sources/app/actuatorApp.o
 .ARM.attributes
                0x000000f5       0x31 ./Sources/dcl/ledDrivers.o
 .ARM.attributes
                0x00000126       0x31 ./Sources/dcl/io_char.o
 .ARM.attributes
                0x00000157       0x31 ./Sources/dcl/charCtrlFnc.o
 .ARM.attributes
                0x00000188       0x31 ./Sources/mcl/uart0_init.o
 .ARM.attributes
                0x000001b9       0x31 ./Sources/mcl/mcg_init.o
 .ARM.attributes
                0x000001ea       0x31 ./Sources/main.o
 .ARM.attributes
                0x0000021b       0x31 C:/Freescale/CW MCU v10.4/MCU/ARM_GCC_Support/ewl/lib/armv6-m\libc.a(exit.o)
 .ARM.attributes
                0x0000024c       0x31 C:/Freescale/CW MCU v10.4/MCU/ARM_GCC_Support/ewl/lib/armv6-m\libc.a(memset.o)
 .ARM.attributes
                0x0000027d       0x31 C:/Freescale/CW MCU v10.4/MCU/ARM_GCC_Support/ewl/lib/armv6-m\libc.a(printformat_.o)
 .ARM.attributes
                0x000002ae       0x31 C:/Freescale/CW MCU v10.4/MCU/ARM_GCC_Support/ewl/lib/armv6-m\libc.a(scanformat_.o)
 .ARM.attributes
                0x000002df       0x31 C:/Freescale/CW MCU v10.4/MCU/ARM_GCC_Support/ewl/lib/armv6-m\libc.a(ctype_aeabi.o)
 .ARM.attributes
                0x00000310       0x31 C:/Freescale/CW MCU v10.4/MCU/ARM_GCC_Support/ewl/lib/armv6-m\libc.a(__strtoul.o)
 .ARM.attributes
                0x00000341       0x31 C:/Freescale/CW MCU v10.4/MCU/ARM_GCC_Support/ewl/lib/armv6-m\libc.a(__filll_mem.o)
 .ARM.attributes
                0x00000372       0x31 C:/Freescale/CW MCU v10.4/MCU/ARM_GCC_Support/ewl/lib/armv6-m\libc.a(memchr.o)
 .ARM.attributes
                0x000003a3       0x31 C:/Freescale/CW MCU v10.4/MCU/ARM_GCC_Support/ewl/lib/armv6-m\libc.a(memcpy.o)
 .ARM.attributes
                0x000003d4       0x31 C:/Freescale/CW MCU v10.4/MCU/ARM_GCC_Support/ewl/lib/armv6-m\libc.a(strchr.o)
 .ARM.attributes
                0x00000405       0x31 C:/Freescale/CW MCU v10.4/MCU/ARM_GCC_Support/ewl/lib/armv6-m\libc.a(strlen.o)
 .ARM.attributes
                0x00000436       0x1e c:/freescale/cw mcu v10.4/cross_tools/arm-none-eabi-gcc-4_7_3/bin/../lib/gcc/arm-none-eabi/4.7.3/armv6-m\libgcc.a(_thumb1_case_sqi.o)
 .ARM.attributes
                0x00000454       0x1e c:/freescale/cw mcu v10.4/cross_tools/arm-none-eabi-gcc-4_7_3/bin/../lib/gcc/arm-none-eabi/4.7.3/armv6-m\libgcc.a(_thumb1_case_uqi.o)
 .ARM.attributes
                0x00000472       0x1e c:/freescale/cw mcu v10.4/cross_tools/arm-none-eabi-gcc-4_7_3/bin/../lib/gcc/arm-none-eabi/4.7.3/armv6-m\libgcc.a(_udivsi3.o)
 .ARM.attributes
                0x00000490       0x1e c:/freescale/cw mcu v10.4/cross_tools/arm-none-eabi-gcc-4_7_3/bin/../lib/gcc/arm-none-eabi/4.7.3/armv6-m\libgcc.a(_dvmd_tls.o)
 .ARM.attributes
                0x000004ae       0x31 C:/Freescale/CW MCU v10.4/MCU/ARM_GCC_Support/ewl/lib/armv6-m\librt.a(gcc_ctor_dtor.o)
 .ARM.attributes
                0x000004df       0x31 C:/Freescale/CW MCU v10.4/MCU/ARM_GCC_Support/ewl/lib/armv6-m\librt.a(ROMCopy.o)
 .ARM.attributes
                0x00000510       0x31 C:/Freescale/CW MCU v10.4/MCU/ARM_GCC_Support/ewl/lib/armv6-m\librt.a(__arm_eabi_init.o)
OUTPUT(U0_module.elf elf32-littlearm)

.debug_info     0x00000000     0x3895
 .debug_info    0x00000000      0x447 ./Project_Settings/Startup_Code/kinetis_sysinit.o
 .debug_info    0x00000447      0x12a ./Project_Settings/Startup_Code/__arm_start.o
 .debug_info    0x00000571       0x54 ./Project_Settings/Startup_Code/__arm_end.o
 .debug_info    0x000005c5      0x28f ./Sources/app/appChar.o
 .debug_info    0x00000854      0x278 ./Sources/app/actuatorApp.o
 .debug_info    0x00000acc      0x17e ./Sources/dcl/ledDrivers.o
 .debug_info    0x00000c4a      0x1c3 ./Sources/dcl/io_char.o
 .debug_info    0x00000e0d      0x315 ./Sources/dcl/charCtrlFnc.o
 .debug_info    0x00001122      0x421 ./Sources/mcl/uart0_init.o
 .debug_info    0x00001543      0x409 ./Sources/mcl/mcg_init.o
 .debug_info    0x0000194c      0x331 ./Sources/main.o
 .debug_info    0x00001c7d       0xe8 C:/Freescale/CW MCU v10.4/MCU/ARM_GCC_Support/ewl/lib/armv6-m\libc.a(exit.o)
 .debug_info    0x00001d65       0xec C:/Freescale/CW MCU v10.4/MCU/ARM_GCC_Support/ewl/lib/armv6-m\libc.a(memset.o)
 .debug_info    0x00001e51      0x50d C:/Freescale/CW MCU v10.4/MCU/ARM_GCC_Support/ewl/lib/armv6-m\libc.a(printformat_.o)
 .debug_info    0x0000235e      0x568 C:/Freescale/CW MCU v10.4/MCU/ARM_GCC_Support/ewl/lib/armv6-m\libc.a(scanformat_.o)
 .debug_info    0x000028c6      0x313 C:/Freescale/CW MCU v10.4/MCU/ARM_GCC_Support/ewl/lib/armv6-m\libc.a(ctype_aeabi.o)
 .debug_info    0x00002bd9      0x1d6 C:/Freescale/CW MCU v10.4/MCU/ARM_GCC_Support/ewl/lib/armv6-m\libc.a(__strtoul.o)
 .debug_info    0x00002daf      0x137 C:/Freescale/CW MCU v10.4/MCU/ARM_GCC_Support/ewl/lib/armv6-m\libc.a(__filll_mem.o)
 .debug_info    0x00002ee6      0x121 C:/Freescale/CW MCU v10.4/MCU/ARM_GCC_Support/ewl/lib/armv6-m\libc.a(memchr.o)
 .debug_info    0x00003007      0x10f C:/Freescale/CW MCU v10.4/MCU/ARM_GCC_Support/ewl/lib/armv6-m\libc.a(memcpy.o)
 .debug_info    0x00003116      0x10b C:/Freescale/CW MCU v10.4/MCU/ARM_GCC_Support/ewl/lib/armv6-m\libc.a(strchr.o)
 .debug_info    0x00003221       0xea C:/Freescale/CW MCU v10.4/MCU/ARM_GCC_Support/ewl/lib/armv6-m\libc.a(strlen.o)
 .debug_info    0x0000330b      0x136 C:/Freescale/CW MCU v10.4/MCU/ARM_GCC_Support/ewl/lib/armv6-m\librt.a(gcc_ctor_dtor.o)
 .debug_info    0x00003441      0x19b C:/Freescale/CW MCU v10.4/MCU/ARM_GCC_Support/ewl/lib/armv6-m\librt.a(ROMCopy.o)
 .debug_info    0x000035dc      0x2b9 C:/Freescale/CW MCU v10.4/MCU/ARM_GCC_Support/ewl/lib/armv6-m\librt.a(__arm_eabi_init.o)

.debug_abbrev   0x00000000     0x13aa
 .debug_abbrev  0x00000000       0xe7 ./Project_Settings/Startup_Code/kinetis_sysinit.o
 .debug_abbrev  0x000000e7       0x92 ./Project_Settings/Startup_Code/__arm_start.o
 .debug_abbrev  0x00000179       0x4c ./Project_Settings/Startup_Code/__arm_end.o
 .debug_abbrev  0x000001c5       0xbe ./Sources/app/appChar.o
 .debug_abbrev  0x00000283       0xab ./Sources/app/actuatorApp.o
 .debug_abbrev  0x0000032e       0x83 ./Sources/dcl/ledDrivers.o
 .debug_abbrev  0x000003b1       0xc2 ./Sources/dcl/io_char.o
 .debug_abbrev  0x00000473       0xe4 ./Sources/dcl/charCtrlFnc.o
 .debug_abbrev  0x00000557       0xbc ./Sources/mcl/uart0_init.o
 .debug_abbrev  0x00000613       0xcb ./Sources/mcl/mcg_init.o
 .debug_abbrev  0x000006de       0x9e ./Sources/main.o
 .debug_abbrev  0x0000077c       0x7a C:/Freescale/CW MCU v10.4/MCU/ARM_GCC_Support/ewl/lib/armv6-m\libc.a(exit.o)
 .debug_abbrev  0x000007f6       0x62 C:/Freescale/CW MCU v10.4/MCU/ARM_GCC_Support/ewl/lib/armv6-m\libc.a(memset.o)
 .debug_abbrev  0x00000858      0x200 C:/Freescale/CW MCU v10.4/MCU/ARM_GCC_Support/ewl/lib/armv6-m\libc.a(printformat_.o)
 .debug_abbrev  0x00000a58      0x1f0 C:/Freescale/CW MCU v10.4/MCU/ARM_GCC_Support/ewl/lib/armv6-m\libc.a(scanformat_.o)
 .debug_abbrev  0x00000c48       0x9e C:/Freescale/CW MCU v10.4/MCU/ARM_GCC_Support/ewl/lib/armv6-m\libc.a(ctype_aeabi.o)
 .debug_abbrev  0x00000ce6       0xc2 C:/Freescale/CW MCU v10.4/MCU/ARM_GCC_Support/ewl/lib/armv6-m\libc.a(__strtoul.o)
 .debug_abbrev  0x00000da8       0x78 C:/Freescale/CW MCU v10.4/MCU/ARM_GCC_Support/ewl/lib/armv6-m\libc.a(__filll_mem.o)
 .debug_abbrev  0x00000e20       0x95 C:/Freescale/CW MCU v10.4/MCU/ARM_GCC_Support/ewl/lib/armv6-m\libc.a(memchr.o)
 .debug_abbrev  0x00000eb5       0x95 C:/Freescale/CW MCU v10.4/MCU/ARM_GCC_Support/ewl/lib/armv6-m\libc.a(memcpy.o)
 .debug_abbrev  0x00000f4a       0x7a C:/Freescale/CW MCU v10.4/MCU/ARM_GCC_Support/ewl/lib/armv6-m\libc.a(strchr.o)
 .debug_abbrev  0x00000fc4       0x7a C:/Freescale/CW MCU v10.4/MCU/ARM_GCC_Support/ewl/lib/armv6-m\libc.a(strlen.o)
 .debug_abbrev  0x0000103e       0x99 C:/Freescale/CW MCU v10.4/MCU/ARM_GCC_Support/ewl/lib/armv6-m\librt.a(gcc_ctor_dtor.o)
 .debug_abbrev  0x000010d7      0x120 C:/Freescale/CW MCU v10.4/MCU/ARM_GCC_Support/ewl/lib/armv6-m\librt.a(ROMCopy.o)
 .debug_abbrev  0x000011f7      0x1b3 C:/Freescale/CW MCU v10.4/MCU/ARM_GCC_Support/ewl/lib/armv6-m\librt.a(__arm_eabi_init.o)

.debug_loc      0x00000000     0x2bef
 .debug_loc     0x00000000       0x58 ./Project_Settings/Startup_Code/kinetis_sysinit.o
 .debug_loc     0x00000058       0x2c ./Project_Settings/Startup_Code/__arm_start.o
 .debug_loc     0x00000084       0x38 ./Project_Settings/Startup_Code/__arm_end.o
 .debug_loc     0x000000bc       0x64 ./Sources/app/appChar.o
 .debug_loc     0x00000120       0x38 ./Sources/app/actuatorApp.o
 .debug_loc     0x00000158      0x134 ./Sources/dcl/ledDrivers.o
 .debug_loc     0x0000028c       0x9c ./Sources/dcl/io_char.o
 .debug_loc     0x00000328      0x14c ./Sources/dcl/charCtrlFnc.o
 .debug_loc     0x00000474       0x2c ./Sources/mcl/uart0_init.o
 .debug_loc     0x000004a0       0x38 ./Sources/mcl/mcg_init.o
 .debug_loc     0x000004d8       0x2c ./Sources/main.o
 .debug_loc     0x00000504       0x3e C:/Freescale/CW MCU v10.4/MCU/ARM_GCC_Support/ewl/lib/armv6-m\libc.a(exit.o)
 .debug_loc     0x00000542       0x6f C:/Freescale/CW MCU v10.4/MCU/ARM_GCC_Support/ewl/lib/armv6-m\libc.a(memset.o)
 .debug_loc     0x000005b1     0x104b C:/Freescale/CW MCU v10.4/MCU/ARM_GCC_Support/ewl/lib/armv6-m\libc.a(printformat_.o)
 .debug_loc     0x000015fc      0x9d8 C:/Freescale/CW MCU v10.4/MCU/ARM_GCC_Support/ewl/lib/armv6-m\libc.a(scanformat_.o)
 .debug_loc     0x00001fd4      0x30d C:/Freescale/CW MCU v10.4/MCU/ARM_GCC_Support/ewl/lib/armv6-m\libc.a(ctype_aeabi.o)
 .debug_loc     0x000022e1      0x305 C:/Freescale/CW MCU v10.4/MCU/ARM_GCC_Support/ewl/lib/armv6-m\libc.a(__strtoul.o)
 .debug_loc     0x000025e6      0x14a C:/Freescale/CW MCU v10.4/MCU/ARM_GCC_Support/ewl/lib/armv6-m\libc.a(__filll_mem.o)
 .debug_loc     0x00002730       0x77 C:/Freescale/CW MCU v10.4/MCU/ARM_GCC_Support/ewl/lib/armv6-m\libc.a(memchr.o)
 .debug_loc     0x000027a7       0x59 C:/Freescale/CW MCU v10.4/MCU/ARM_GCC_Support/ewl/lib/armv6-m\libc.a(memcpy.o)
 .debug_loc     0x00002800       0xaf C:/Freescale/CW MCU v10.4/MCU/ARM_GCC_Support/ewl/lib/armv6-m\libc.a(strchr.o)
 .debug_loc     0x000028af       0x33 C:/Freescale/CW MCU v10.4/MCU/ARM_GCC_Support/ewl/lib/armv6-m\libc.a(strlen.o)
 .debug_loc     0x000028e2       0x9d C:/Freescale/CW MCU v10.4/MCU/ARM_GCC_Support/ewl/lib/armv6-m\librt.a(gcc_ctor_dtor.o)
 .debug_loc     0x0000297f       0xd9 C:/Freescale/CW MCU v10.4/MCU/ARM_GCC_Support/ewl/lib/armv6-m\librt.a(ROMCopy.o)
 .debug_loc     0x00002a58      0x197 C:/Freescale/CW MCU v10.4/MCU/ARM_GCC_Support/ewl/lib/armv6-m\librt.a(__arm_eabi_init.o)

.debug_aranges  0x00000000      0x470
 .debug_aranges
                0x00000000       0x28 ./Project_Settings/Startup_Code/kinetis_sysinit.o
 .debug_aranges
                0x00000028       0x30 ./Project_Settings/Startup_Code/__arm_start.o
 .debug_aranges
                0x00000058       0x20 ./Project_Settings/Startup_Code/__arm_end.o
 .debug_aranges
                0x00000078       0x28 ./Sources/app/appChar.o
 .debug_aranges
                0x000000a0       0x20 ./Sources/app/actuatorApp.o
 .debug_aranges
                0x000000c0       0x50 ./Sources/dcl/ledDrivers.o
 .debug_aranges
                0x00000110       0x30 ./Sources/dcl/io_char.o
 .debug_aranges
                0x00000140       0x50 ./Sources/dcl/charCtrlFnc.o
 .debug_aranges
                0x00000190       0x20 ./Sources/mcl/uart0_init.o
 .debug_aranges
                0x000001b0       0x20 ./Sources/mcl/mcg_init.o
 .debug_aranges
                0x000001d0       0x20 ./Sources/main.o
 .debug_aranges
                0x000001f0       0x20 C:/Freescale/CW MCU v10.4/MCU/ARM_GCC_Support/ewl/lib/armv6-m\libc.a(exit.o)
 .debug_aranges
                0x00000210       0x20 C:/Freescale/CW MCU v10.4/MCU/ARM_GCC_Support/ewl/lib/armv6-m\libc.a(memset.o)
 .debug_aranges
                0x00000230       0x28 C:/Freescale/CW MCU v10.4/MCU/ARM_GCC_Support/ewl/lib/armv6-m\libc.a(printformat_.o)
 .debug_aranges
                0x00000258       0x20 C:/Freescale/CW MCU v10.4/MCU/ARM_GCC_Support/ewl/lib/armv6-m\libc.a(scanformat_.o)
 .debug_aranges
                0x00000278       0x88 C:/Freescale/CW MCU v10.4/MCU/ARM_GCC_Support/ewl/lib/armv6-m\libc.a(ctype_aeabi.o)
 .debug_aranges
                0x00000300       0x20 C:/Freescale/CW MCU v10.4/MCU/ARM_GCC_Support/ewl/lib/armv6-m\libc.a(__strtoul.o)
 .debug_aranges
                0x00000320       0x20 C:/Freescale/CW MCU v10.4/MCU/ARM_GCC_Support/ewl/lib/armv6-m\libc.a(__filll_mem.o)
 .debug_aranges
                0x00000340       0x20 C:/Freescale/CW MCU v10.4/MCU/ARM_GCC_Support/ewl/lib/armv6-m\libc.a(memchr.o)
 .debug_aranges
                0x00000360       0x20 C:/Freescale/CW MCU v10.4/MCU/ARM_GCC_Support/ewl/lib/armv6-m\libc.a(memcpy.o)
 .debug_aranges
                0x00000380       0x20 C:/Freescale/CW MCU v10.4/MCU/ARM_GCC_Support/ewl/lib/armv6-m\libc.a(strchr.o)
 .debug_aranges
                0x000003a0       0x20 C:/Freescale/CW MCU v10.4/MCU/ARM_GCC_Support/ewl/lib/armv6-m\libc.a(strlen.o)
 .debug_aranges
                0x000003c0       0x28 C:/Freescale/CW MCU v10.4/MCU/ARM_GCC_Support/ewl/lib/armv6-m\librt.a(gcc_ctor_dtor.o)
 .debug_aranges
                0x000003e8       0x30 C:/Freescale/CW MCU v10.4/MCU/ARM_GCC_Support/ewl/lib/armv6-m\librt.a(ROMCopy.o)
 .debug_aranges
                0x00000418       0x58 C:/Freescale/CW MCU v10.4/MCU/ARM_GCC_Support/ewl/lib/armv6-m\librt.a(__arm_eabi_init.o)

.debug_macinfo  0x00000000   0x15fe5d
 .debug_macinfo
                0x00000000    0x264b5 ./Project_Settings/Startup_Code/kinetis_sysinit.o
 .debug_macinfo
                0x000264b5     0x3e6d ./Project_Settings/Startup_Code/__arm_start.o
 .debug_macinfo
                0x0002a322     0x3456 ./Project_Settings/Startup_Code/__arm_end.o
 .debug_macinfo
                0x0002d778    0x264ca ./Sources/app/appChar.o
 .debug_macinfo
                0x00053c42    0x26524 ./Sources/app/actuatorApp.o
 .debug_macinfo
                0x0007a166    0x264c9 ./Sources/dcl/ledDrivers.o
 .debug_macinfo
                0x000a062f    0x264a2 ./Sources/dcl/io_char.o
 .debug_macinfo
                0x000c6ad1    0x264b8 ./Sources/dcl/charCtrlFnc.o
 .debug_macinfo
                0x000ecf89    0x264a4 ./Sources/mcl/uart0_init.o
 .debug_macinfo
                0x0011342d    0x264a3 ./Sources/mcl/mcg_init.o
 .debug_macinfo
                0x001398d0    0x2658d ./Sources/main.o

.debug_line     0x00000000     0x2bbb
 .debug_line    0x00000000      0x25c ./Project_Settings/Startup_Code/kinetis_sysinit.o
 .debug_line    0x0000025c      0x2df ./Project_Settings/Startup_Code/__arm_start.o
 .debug_line    0x0000053b      0x266 ./Project_Settings/Startup_Code/__arm_end.o
 .debug_line    0x000007a1      0x29f ./Sources/app/appChar.o
 .debug_line    0x00000a40      0x2a9 ./Sources/app/actuatorApp.o
 .debug_line    0x00000ce9      0x29a ./Sources/dcl/ledDrivers.o
 .debug_line    0x00000f83      0x268 ./Sources/dcl/io_char.o
 .debug_line    0x000011eb      0x363 ./Sources/dcl/charCtrlFnc.o
 .debug_line    0x0000154e      0x24e ./Sources/mcl/uart0_init.o
 .debug_line    0x0000179c      0x26c ./Sources/mcl/mcg_init.o
 .debug_line    0x00001a08      0x2d7 ./Sources/main.o
 .debug_line    0x00001cdf       0x8d C:/Freescale/CW MCU v10.4/MCU/ARM_GCC_Support/ewl/lib/armv6-m\libc.a(exit.o)
 .debug_line    0x00001d6c       0x90 C:/Freescale/CW MCU v10.4/MCU/ARM_GCC_Support/ewl/lib/armv6-m\libc.a(memset.o)
 .debug_line    0x00001dfc      0x2c3 C:/Freescale/CW MCU v10.4/MCU/ARM_GCC_Support/ewl/lib/armv6-m\libc.a(printformat_.o)
 .debug_line    0x000020bf      0x2be C:/Freescale/CW MCU v10.4/MCU/ARM_GCC_Support/ewl/lib/armv6-m\libc.a(scanformat_.o)
 .debug_line    0x0000237d      0x1be C:/Freescale/CW MCU v10.4/MCU/ARM_GCC_Support/ewl/lib/armv6-m\libc.a(ctype_aeabi.o)
 .debug_line    0x0000253b      0x11e C:/Freescale/CW MCU v10.4/MCU/ARM_GCC_Support/ewl/lib/armv6-m\libc.a(__strtoul.o)
 .debug_line    0x00002659       0xf6 C:/Freescale/CW MCU v10.4/MCU/ARM_GCC_Support/ewl/lib/armv6-m\libc.a(__filll_mem.o)
 .debug_line    0x0000274f       0x9f C:/Freescale/CW MCU v10.4/MCU/ARM_GCC_Support/ewl/lib/armv6-m\libc.a(memchr.o)
 .debug_line    0x000027ee       0x8b C:/Freescale/CW MCU v10.4/MCU/ARM_GCC_Support/ewl/lib/armv6-m\libc.a(memcpy.o)
 .debug_line    0x00002879       0x7d C:/Freescale/CW MCU v10.4/MCU/ARM_GCC_Support/ewl/lib/armv6-m\libc.a(strchr.o)
 .debug_line    0x000028f6       0x85 C:/Freescale/CW MCU v10.4/MCU/ARM_GCC_Support/ewl/lib/armv6-m\libc.a(strlen.o)
 .debug_line    0x0000297b       0x6c C:/Freescale/CW MCU v10.4/MCU/ARM_GCC_Support/ewl/lib/armv6-m\librt.a(gcc_ctor_dtor.o)
 .debug_line    0x000029e7       0xbd C:/Freescale/CW MCU v10.4/MCU/ARM_GCC_Support/ewl/lib/armv6-m\librt.a(ROMCopy.o)
 .debug_line    0x00002aa4      0x117 C:/Freescale/CW MCU v10.4/MCU/ARM_GCC_Support/ewl/lib/armv6-m\librt.a(__arm_eabi_init.o)

.debug_str      0x00000000     0x10dc
 .debug_str     0x00000000      0x2dd ./Project_Settings/Startup_Code/kinetis_sysinit.o
                                0x304 (size before relaxing)
 .debug_str     0x000002dd       0x85 ./Project_Settings/Startup_Code/__arm_start.o
                                0x1de (size before relaxing)
 .debug_str     0x00000362       0x41 ./Project_Settings/Startup_Code/__arm_end.o
                                0x115 (size before relaxing)
 .debug_str     0x000003a3      0x191 ./Sources/app/appChar.o
                                0x2e5 (size before relaxing)
 .debug_str     0x00000534       0x3b ./Sources/app/actuatorApp.o
                                0x2df (size before relaxing)
 .debug_str     0x0000056f       0xa8 ./Sources/dcl/ledDrivers.o
                                0x1f8 (size before relaxing)
 .debug_str     0x00000617       0x66 ./Sources/dcl/io_char.o
                                0x1ca (size before relaxing)
 .debug_str     0x0000067d       0x7e ./Sources/dcl/charCtrlFnc.o
                                0x334 (size before relaxing)
 .debug_str     0x000006fb       0x53 ./Sources/mcl/uart0_init.o
                                0x2bb (size before relaxing)
 .debug_str     0x0000074e       0x63 ./Sources/mcl/mcg_init.o
                                0x2b6 (size before relaxing)
 .debug_str     0x000007b1       0x94 ./Sources/main.o
                                0x338 (size before relaxing)
 .debug_str     0x00000845       0x5a C:/Freescale/CW MCU v10.4/MCU/ARM_GCC_Support/ewl/lib/armv6-m\libc.a(exit.o)
                                0x157 (size before relaxing)
 .debug_str     0x0000089f       0x23 C:/Freescale/CW MCU v10.4/MCU/ARM_GCC_Support/ewl/lib/armv6-m\libc.a(memset.o)
                                0x140 (size before relaxing)
 .debug_str     0x000008c2      0x244 C:/Freescale/CW MCU v10.4/MCU/ARM_GCC_Support/ewl/lib/armv6-m\libc.a(printformat_.o)
                                0x3b3 (size before relaxing)
 .debug_str     0x00000b06      0x184 C:/Freescale/CW MCU v10.4/MCU/ARM_GCC_Support/ewl/lib/armv6-m\libc.a(scanformat_.o)
                                0x3f9 (size before relaxing)
 .debug_str     0x00000c8a       0x9d C:/Freescale/CW MCU v10.4/MCU/ARM_GCC_Support/ewl/lib/armv6-m\libc.a(ctype_aeabi.o)
                                0x1bc (size before relaxing)
 .debug_str     0x00000d27       0x61 C:/Freescale/CW MCU v10.4/MCU/ARM_GCC_Support/ewl/lib/armv6-m\libc.a(__strtoul.o)
                                0x1fb (size before relaxing)
 .debug_str     0x00000d88       0x25 C:/Freescale/CW MCU v10.4/MCU/ARM_GCC_Support/ewl/lib/armv6-m\libc.a(__filll_mem.o)
                                0x152 (size before relaxing)
 .debug_str     0x00000dad       0x1c C:/Freescale/CW MCU v10.4/MCU/ARM_GCC_Support/ewl/lib/armv6-m\libc.a(memchr.o)
                                0x148 (size before relaxing)
 .debug_str     0x00000dc9       0x1c C:/Freescale/CW MCU v10.4/MCU/ARM_GCC_Support/ewl/lib/armv6-m\libc.a(memcpy.o)
                                0x138 (size before relaxing)
 .debug_str     0x00000de5       0x1c C:/Freescale/CW MCU v10.4/MCU/ARM_GCC_Support/ewl/lib/armv6-m\libc.a(strchr.o)
                                0x137 (size before relaxing)
 .debug_str     0x00000e01       0x1c C:/Freescale/CW MCU v10.4/MCU/ARM_GCC_Support/ewl/lib/armv6-m\libc.a(strlen.o)
                                0x140 (size before relaxing)
 .debug_str     0x00000e1d      0x126 C:/Freescale/CW MCU v10.4/MCU/ARM_GCC_Support/ewl/lib/armv6-m\librt.a(gcc_ctor_dtor.o)
                                0x181 (size before relaxing)
 .debug_str     0x00000f43       0xa1 C:/Freescale/CW MCU v10.4/MCU/ARM_GCC_Support/ewl/lib/armv6-m\librt.a(ROMCopy.o)
                                0x13c (size before relaxing)
 .debug_str     0x00000fe4       0xf8 C:/Freescale/CW MCU v10.4/MCU/ARM_GCC_Support/ewl/lib/armv6-m\librt.a(__arm_eabi_init.o)
                                0x1b5 (size before relaxing)

.comment        0x00000000       0x79
 .comment       0x00000000       0x79 ./Project_Settings/Startup_Code/kinetis_sysinit.o
                                 0x7a (size before relaxing)
 .comment       0x00000000       0x7a ./Project_Settings/Startup_Code/__arm_start.o
 .comment       0x00000000       0x7a ./Project_Settings/Startup_Code/__arm_end.o
 .comment       0x00000000       0x7a ./Sources/app/appChar.o
 .comment       0x00000000       0x7a ./Sources/app/actuatorApp.o
 .comment       0x00000000       0x7a ./Sources/dcl/ledDrivers.o
 .comment       0x00000000       0x7a ./Sources/dcl/io_char.o
 .comment       0x00000000       0x7a ./Sources/dcl/charCtrlFnc.o
 .comment       0x00000000       0x7a ./Sources/mcl/uart0_init.o
 .comment       0x00000000       0x7a ./Sources/mcl/mcg_init.o
 .comment       0x00000000       0x7a ./Sources/main.o
 .comment       0x00000000       0x7a C:/Freescale/CW MCU v10.4/MCU/ARM_GCC_Support/ewl/lib/armv6-m\libc.a(exit.o)
 .comment       0x00000000       0x7a C:/Freescale/CW MCU v10.4/MCU/ARM_GCC_Support/ewl/lib/armv6-m\libc.a(memset.o)
 .comment       0x00000000       0x7a C:/Freescale/CW MCU v10.4/MCU/ARM_GCC_Support/ewl/lib/armv6-m\libc.a(printformat_.o)
 .comment       0x00000000       0x7a C:/Freescale/CW MCU v10.4/MCU/ARM_GCC_Support/ewl/lib/armv6-m\libc.a(scanformat_.o)
 .comment       0x00000000       0x7a C:/Freescale/CW MCU v10.4/MCU/ARM_GCC_Support/ewl/lib/armv6-m\libc.a(ctype_aeabi.o)
 .comment       0x00000000       0x7a C:/Freescale/CW MCU v10.4/MCU/ARM_GCC_Support/ewl/lib/armv6-m\libc.a(__strtoul.o)
 .comment       0x00000000       0x7a C:/Freescale/CW MCU v10.4/MCU/ARM_GCC_Support/ewl/lib/armv6-m\libc.a(__filll_mem.o)
 .comment       0x00000000       0x7a C:/Freescale/CW MCU v10.4/MCU/ARM_GCC_Support/ewl/lib/armv6-m\libc.a(memchr.o)
 .comment       0x00000000       0x7a C:/Freescale/CW MCU v10.4/MCU/ARM_GCC_Support/ewl/lib/armv6-m\libc.a(memcpy.o)
 .comment       0x00000000       0x7a C:/Freescale/CW MCU v10.4/MCU/ARM_GCC_Support/ewl/lib/armv6-m\libc.a(strchr.o)
 .comment       0x00000000       0x7a C:/Freescale/CW MCU v10.4/MCU/ARM_GCC_Support/ewl/lib/armv6-m\libc.a(strlen.o)
 .comment       0x00000000       0x7a C:/Freescale/CW MCU v10.4/MCU/ARM_GCC_Support/ewl/lib/armv6-m\librt.a(gcc_ctor_dtor.o)
 .comment       0x00000000       0x7a C:/Freescale/CW MCU v10.4/MCU/ARM_GCC_Support/ewl/lib/armv6-m\librt.a(ROMCopy.o)
 .comment       0x00000000       0x7a C:/Freescale/CW MCU v10.4/MCU/ARM_GCC_Support/ewl/lib/armv6-m\librt.a(__arm_eabi_init.o)

.debug_frame    0x00000000      0x884
 .debug_frame   0x00000000       0x48 ./Project_Settings/Startup_Code/kinetis_sysinit.o
 .debug_frame   0x00000048       0x4c ./Project_Settings/Startup_Code/__arm_start.o
 .debug_frame   0x00000094       0x30 ./Project_Settings/Startup_Code/__arm_end.o
 .debug_frame   0x000000c4       0x4c ./Sources/app/appChar.o
 .debug_frame   0x00000110       0x30 ./Sources/app/actuatorApp.o
 .debug_frame   0x00000140       0xd4 ./Sources/dcl/ledDrivers.o
 .debug_frame   0x00000214       0x6c ./Sources/dcl/io_char.o
 .debug_frame   0x00000280       0xdc ./Sources/dcl/charCtrlFnc.o
 .debug_frame   0x0000035c       0x2c ./Sources/mcl/uart0_init.o
 .debug_frame   0x00000388       0x30 ./Sources/mcl/mcg_init.o
 .debug_frame   0x000003b8       0x2c ./Sources/main.o
 .debug_frame   0x000003e4       0x2c C:/Freescale/CW MCU v10.4/MCU/ARM_GCC_Support/ewl/lib/armv6-m\libc.a(exit.o)
 .debug_frame   0x00000410       0x28 C:/Freescale/CW MCU v10.4/MCU/ARM_GCC_Support/ewl/lib/armv6-m\libc.a(memset.o)
 .debug_frame   0x00000438       0x54 C:/Freescale/CW MCU v10.4/MCU/ARM_GCC_Support/ewl/lib/armv6-m\libc.a(printformat_.o)
 .debug_frame   0x0000048c       0x34 C:/Freescale/CW MCU v10.4/MCU/ARM_GCC_Support/ewl/lib/armv6-m\libc.a(scanformat_.o)
 .debug_frame   0x000004c0      0x158 C:/Freescale/CW MCU v10.4/MCU/ARM_GCC_Support/ewl/lib/armv6-m\libc.a(ctype_aeabi.o)
 .debug_frame   0x00000618       0x30 C:/Freescale/CW MCU v10.4/MCU/ARM_GCC_Support/ewl/lib/armv6-m\libc.a(__strtoul.o)
 .debug_frame   0x00000648       0x2c C:/Freescale/CW MCU v10.4/MCU/ARM_GCC_Support/ewl/lib/armv6-m\libc.a(__filll_mem.o)
 .debug_frame   0x00000674       0x28 C:/Freescale/CW MCU v10.4/MCU/ARM_GCC_Support/ewl/lib/armv6-m\libc.a(memchr.o)
 .debug_frame   0x0000069c       0x28 C:/Freescale/CW MCU v10.4/MCU/ARM_GCC_Support/ewl/lib/armv6-m\libc.a(memcpy.o)
 .debug_frame   0x000006c4       0x28 C:/Freescale/CW MCU v10.4/MCU/ARM_GCC_Support/ewl/lib/armv6-m\libc.a(strchr.o)
 .debug_frame   0x000006ec       0x28 C:/Freescale/CW MCU v10.4/MCU/ARM_GCC_Support/ewl/lib/armv6-m\libc.a(strlen.o)
 .debug_frame   0x00000714       0x20 c:/freescale/cw mcu v10.4/cross_tools/arm-none-eabi-gcc-4_7_3/bin/../lib/gcc/arm-none-eabi/4.7.3/armv6-m\libgcc.a(_udivsi3.o)
 .debug_frame   0x00000734       0x40 C:/Freescale/CW MCU v10.4/MCU/ARM_GCC_Support/ewl/lib/armv6-m\librt.a(gcc_ctor_dtor.o)
 .debug_frame   0x00000774       0x54 C:/Freescale/CW MCU v10.4/MCU/ARM_GCC_Support/ewl/lib/armv6-m\librt.a(ROMCopy.o)
 .debug_frame   0x000007c8       0xbc C:/Freescale/CW MCU v10.4/MCU/ARM_GCC_Support/ewl/lib/armv6-m\librt.a(__arm_eabi_init.o)
